\BOOKMARK [0][-]{part.1}{\376\377\000I\000\040\000S\000u\000c\000c\000e\000s\000s\000i\000o\000n\000i\000\040\000d\000i\000\040\000f\000u\000n\000z\000i\000o\000n\000i}{}% 1
\BOOKMARK [1][-]{section.1}{\376\377\000S\000u\000c\000c\000e\000s\000s\000i\000o\000n\000i\000\040\000d\000i\000\040\000f\000u\000n\000z\000i\000o\000n\000i}{part.1}% 2
\BOOKMARK [2][-]{subsection.1.1}{\376\377\000M\000o\000t\000i\000v\000a\000z\000i\000o\000n\000e\000:\000\040\000d\000a\000\040\000T\000a\000y\000l\000o\000r\000\040\000a\000l\000l\000e\000\040\000s\000e\000r\000i\000e\000\040\000d\000i\000\040\000f\000u\000n\000z\000i\000o\000n\000i}{section.1}% 3
\BOOKMARK [2][-]{subsection.1.2}{\376\377\000D\000e\000f\000i\000n\000i\000z\000i\000o\000n\000e}{section.1}% 4
\BOOKMARK [2][-]{subsection.1.3}{\376\377\000R\000a\000p\000p\000r\000e\000s\000e\000n\000t\000a\000z\000i\000o\000n\000e\000\040\000g\000r\000a\000f\000i\000c\000a}{section.1}% 5
\BOOKMARK [2][-]{subsection.1.4}{\376\377\000C\000o\000n\000v\000e\000r\000g\000e\000n\000z\000a\000\040\000p\000u\000n\000t\000u\000a\000l\000e}{section.1}% 6
\BOOKMARK [2][-]{subsection.1.5}{\376\377\000C\000a\000l\000c\000o\000l\000o\000\040\000d\000e\000l\000\040\000l\000i\000m\000i\000t\000e\000\040\000p\000u\000n\000t\000u\000a\000l\000e\000:\000\040\000e\000s\000e\000m\000p\000i}{section.1}% 7
\BOOKMARK [2][-]{subsection.1.6}{\376\377\000I\000\040\000l\000i\000m\000i\000t\000i\000\040\000d\000e\000l\000l\000a\000\040\000c\000o\000n\000v\000e\000r\000g\000e\000n\000z\000a\000\040\000p\000u\000n\000t\000u\000a\000l\000e}{section.1}% 8
\BOOKMARK [2][-]{subsection.1.7}{\376\377\000C\000o\000n\000v\000e\000r\000g\000e\000n\000z\000a\000\040\000u\000n\000i\000f\000o\000r\000m\000e}{section.1}% 9
\BOOKMARK [2][-]{subsection.1.8}{\376\377\000C\000a\000r\000a\000t\000t\000e\000r\000i\000z\000z\000a\000z\000i\000o\000n\000e\000\040\000c\000o\000n\000\040\000l\000'\000e\000s\000t\000r\000e\000m\000o\000\040\000s\000u\000p\000e\000r\000i\000o\000r\000e}{section.1}% 10
\BOOKMARK [2][-]{subsection.1.9}{\376\377\000U\000n\000i\000f\000o\000r\000m\000e\000\040\000i\000m\000p\000l\000i\000c\000a\000\040\000p\000u\000n\000t\000u\000a\000l\000e}{section.1}% 11
\BOOKMARK [2][-]{subsection.1.10}{\376\377\000E\000s\000e\000m\000p\000i}{section.1}% 12
\BOOKMARK [2][-]{subsection.1.11}{\376\377\000E\000s\000e\000r\000c\000i\000z\000i\000o\000\040\000s\000v\000o\000l\000t\000o}{section.1}% 13
\BOOKMARK [2][-]{subsection.1.12}{\376\377\000R\000i\000e\000p\000i\000l\000o\000g\000o}{section.1}% 14
\BOOKMARK [1][-]{section.2}{\376\377\000T\000e\000o\000r\000e\000m\000a\000\040\000d\000i\000\040\000c\000o\000n\000t\000i\000n\000u\000i\000t\000\340\000\040\000d\000e\000l\000\040\000l\000i\000m\000i\000t\000e}{part.1}% 15
\BOOKMARK [2][-]{subsection.2.1}{\376\377\000E\000n\000u\000n\000c\000i\000a\000t\000o}{section.2}% 16
\BOOKMARK [2][-]{subsection.2.2}{\376\377\000D\000i\000m\000o\000s\000t\000r\000a\000z\000i\000o\000n\000e}{section.2}% 17
\BOOKMARK [2][-]{subsection.2.3}{\376\377\000U\000n\000\040\000e\000s\000e\000m\000p\000i\000o\000\040\000c\000o\000n\000\040\000l\000i\000m\000i\000t\000e\000\040\000d\000i\000s\000c\000o\000n\000t\000i\000n\000u\000o\000\040\000i\000n\000\040\000u\000n\000\040\000p\000u\000n\000t\000o}{section.2}% 18
\BOOKMARK [1][-]{section.3}{\376\377\000P\000a\000s\000s\000a\000g\000g\000i\000o\000\040\000a\000l\000\040\000l\000i\000m\000i\000t\000e\000\040\000s\000o\000t\000t\000o\000\040\000i\000l\000\040\000s\000e\000g\000n\000o\000\040\000d\000i\000\040\000i\000n\000t\000e\000g\000r\000a\000l\000e}{part.1}% 19
\BOOKMARK [2][-]{subsection.3.1}{\376\377\000I\000l\000\040\000p\000r\000o\000b\000l\000e\000m\000a}{section.3}% 20
\BOOKMARK [2][-]{subsection.3.2}{\376\377\000E\000n\000u\000n\000c\000i\000a\000t\000o}{section.3}% 21
\BOOKMARK [2][-]{subsection.3.3}{\376\377\000D\000u\000e\000\040\000e\000s\000e\000m\000p\000i}{section.3}% 22
\BOOKMARK [2][-]{subsection.3.4}{\376\377\000D\000i\000m\000o\000s\000t\000r\000a\000z\000i\000o\000n\000e}{section.3}% 23
\BOOKMARK [1][-]{section.4}{\376\377\000P\000a\000s\000s\000a\000g\000g\000i\000o\000\040\000a\000l\000\040\000l\000i\000m\000i\000t\000e\000\040\000s\000o\000t\000t\000o\000\040\000i\000l\000\040\000s\000e\000g\000n\000o\000\040\000d\000i\000\040\000d\000e\000r\000i\000v\000a\000t\000a}{part.1}% 24
\BOOKMARK [2][-]{subsection.4.1}{\376\377\000P\000e\000r\000c\000h\000\351\000\040\000i\000l\000\040\000p\000r\000o\000b\000l\000e\000m\000a\000\040\000\350\000\040\000p\000i\000\371\000\040\000d\000e\000l\000i\000c\000a\000t\000o}{section.4}% 25
\BOOKMARK [2][-]{subsection.4.2}{\376\377\000E\000s\000e\000m\000p\000i\000o\000\040\0001\000:\000\040\000i\000l\000\040\000l\000i\000m\000i\000t\000e\000\040\000p\000u\000\362\000\040\000n\000o\000n\000\040\000e\000s\000s\000e\000r\000e\000\040\000d\000e\000r\000i\000v\000a\000b\000i\000l\000e}{section.4}% 26
\BOOKMARK [2][-]{subsection.4.3}{\376\377\000E\000s\000e\000m\000p\000i\000o\000\040\0002\000:\000\040\000l\000e\000\040\000d\000e\000r\000i\000v\000a\000t\000e\000\040\000p\000o\000s\000s\000o\000n\000o\000\040\000n\000o\000n\000\040\000c\000o\000n\000v\000e\000r\000g\000e\000r\000e}{section.4}% 27
\BOOKMARK [2][-]{subsection.4.4}{\376\377\000E\000s\000e\000m\000p\000i\000o\000\040\0003\000:\000\040\000l\000e\000\040\000d\000e\000r\000i\000v\000a\000t\000e\000\040\000c\000o\000n\000v\000e\000r\000g\000o\000n\000o\000,\000\040\000m\000a\000\040\000s\000o\000l\000o\000\040\000p\000u\000n\000t\000u\000a\000l\000m\000e\000n\000t\000e}{section.4}% 28
\BOOKMARK [2][-]{subsection.4.5}{\376\377\000E\000n\000u\000n\000c\000i\000a\000t\000o}{section.4}% 29
\BOOKMARK [2][-]{subsection.4.6}{\376\377\000D\000i\000m\000o\000s\000t\000r\000a\000z\000i\000o\000n\000e}{section.4}% 30
\BOOKMARK [1][-]{section.5}{\376\377\000L\000a\000\040\000c\000o\000n\000v\000e\000r\000g\000e\000n\000z\000a\000\040\000u\000n\000i\000f\000o\000r\000m\000e\000\040\000n\000o\000n\000\040\000c\000o\000n\000s\000e\000r\000v\000a\000\040\000l\000a\000\040\000d\000i\000s\000c\000o\000n\000t\000i\000n\000u\000i\000t\000\340}{part.1}% 31
\BOOKMARK [1][-]{section.6}{\376\377\000C\000r\000i\000t\000e\000r\000i\000\040\000d\000i\000\040\000C\000a\000u\000c\000h\000y\000\040\000p\000e\000r\000\040\000l\000e\000\040\000s\000u\000c\000c\000e\000s\000s\000i\000o\000n\000i\000\040\000d\000i\000\040\000f\000u\000n\000z\000i\000o\000n\000i}{part.1}% 32
\BOOKMARK [0][-]{part.2}{\376\377\000I\000I\000\040\000S\000e\000r\000i\000e\000\040\000d\000i\000\040\000f\000u\000n\000z\000i\000o\000n\000i}{}% 33
\BOOKMARK [1][-]{section.7}{\376\377\000S\000e\000r\000i\000e\000\040\000d\000i\000\040\000f\000u\000n\000z\000i\000o\000n\000i}{part.2}% 34
\BOOKMARK [2][-]{subsection.7.1}{\376\377\000D\000e\000f\000i\000n\000i\000z\000i\000o\000n\000e}{section.7}% 35
\BOOKMARK [2][-]{subsection.7.2}{\376\377\000E\000s\000e\000m\000p\000i\000o\000\040\0001\000:\000\040\000l\000a\000\040\000s\000e\000r\000i\000e\000\040\000g\000e\000o\000m\000e\000t\000r\000i\000c\000a}{section.7}% 36
\BOOKMARK [2][-]{subsection.7.3}{\376\377\000E\000s\000e\000m\000p\000i\000o\000\040\0002\000:\000\040\000u\000n\000a\000\040\000s\000e\000r\000i\000e\000\040\000a\000\040\000s\000e\000g\000n\000i\000\040\000a\000l\000t\000e\000r\000n\000i}{section.7}% 37
\BOOKMARK [2][-]{subsection.7.4}{\376\377\000C\000o\000n\000v\000e\000r\000g\000e\000n\000z\000a\000\040\000a\000s\000s\000o\000l\000u\000t\000a}{section.7}% 38
\BOOKMARK [2][-]{subsection.7.5}{\376\377\000C\000r\000i\000t\000e\000r\000i\000\040\000d\000i\000\040\000C\000a\000u\000c\000h\000y\000\040\000p\000e\000r\000\040\000l\000e\000\040\000s\000e\000r\000i\000e\000\040\000d\000i\000\040\000f\000u\000n\000z\000i\000o\000n\000i}{section.7}% 39
\BOOKMARK [2][-]{subsection.7.6}{\376\377\000C\000o\000n\000d\000i\000z\000i\000o\000n\000e\000\040\000n\000e\000c\000e\000s\000s\000a\000r\000i\000a\000\040\000p\000e\000r\000\040\000l\000a\000\040\000c\000o\000n\000v\000e\000r\000g\000e\000n\000z\000a\000\040\000u\000n\000i\000f\000o\000r\000m\000e}{section.7}% 40
\BOOKMARK [2][-]{subsection.7.7}{\376\377\000C\000o\000n\000v\000e\000r\000g\000e\000n\000z\000a\000\040\000t\000o\000t\000a\000l\000e\000\040\000e\000\040\000c\000r\000i\000t\000e\000r\000i\000o\000\040\000d\000i\000\040\000W\000e\000i\000e\000r\000s\000t\000r\000a\000s\000s}{section.7}% 41
\BOOKMARK [2][-]{subsection.7.8}{\376\377\000T\000e\000o\000r\000e\000m\000a\000\040\000d\000i\000\040\000i\000n\000t\000e\000g\000r\000a\000z\000i\000o\000n\000e\000\040\000p\000e\000r\000\040\000s\000e\000r\000i\000e}{section.7}% 42
\BOOKMARK [1][-]{section.8}{\376\377\000T\000e\000o\000r\000e\000m\000a\000\040\000d\000i\000\040\000d\000e\000r\000i\000v\000a\000z\000i\000o\000n\000e\000\040\000p\000e\000r\000\040\000s\000e\000r\000i\000e}{part.2}% 43
\BOOKMARK [0][-]{part.3}{\376\377\000I\000I\000I\000\040\000S\000e\000r\000i\000e\000\040\000d\000i\000\040\000p\000o\000t\000e\000n\000z\000e}{}% 44
\BOOKMARK [1][-]{section.9}{\376\377\000S\000e\000r\000i\000e\000\040\000d\000i\000\040\000p\000o\000t\000e\000n\000z\000e}{part.3}% 45
\BOOKMARK [2][-]{subsection.9.1}{\376\377\000D\000e\000f\000i\000n\000i\000z\000i\000o\000n\000e}{section.9}% 46
\BOOKMARK [2][-]{subsection.9.2}{\376\377\000I\000n\000s\000i\000e\000m\000e\000\040\000d\000i\000\040\000c\000o\000n\000v\000e\000r\000g\000e\000n\000z\000a\000\040\000e\000\040\000r\000a\000g\000g\000i\000o\000\040\000d\000i\000\040\000c\000o\000n\000v\000e\000r\000g\000e\000n\000z\000a}{section.9}% 47
\BOOKMARK [2][-]{subsection.9.3}{\376\377\000L\000a\000\040\000f\000o\000r\000m\000a\000\040\000d\000e\000l\000l\000'\000i\000n\000s\000i\000e\000m\000e\000\040\000d\000i\000\040\000c\000o\000n\000v\000e\000r\000g\000e\000n\000z\000a}{section.9}% 48
\BOOKMARK [2][-]{subsection.9.4}{\376\377\000I\000l\000\040\000r\000a\000g\000g\000i\000o\000\040\000d\000i\000\040\000c\000o\000n\000v\000e\000r\000g\000e\000n\000z\000a}{section.9}% 49
\BOOKMARK [2][-]{subsection.9.5}{\376\377\000C\000r\000i\000t\000e\000r\000i\000o\000\040\000d\000i\000\040\000H\000a\000d\000a\000m\000a\000r\000d}{section.9}% 50
\BOOKMARK [2][-]{subsection.9.6}{\376\377\000C\000r\000i\000t\000e\000r\000i\000o\000\040\000d\000i\000\040\000D\000'\000A\000l\000e\000m\000b\000e\000r\000t}{section.9}% 51
\BOOKMARK [2][-]{subsection.9.7}{\376\377\000E\000s\000e\000m\000p\000i\000o\000\040\000s\000v\000o\000l\000t\000o}{section.9}% 52
\BOOKMARK [1][-]{section.10}{\376\377\000R\000i\000c\000h\000i\000a\000m\000i\000\040\000s\000u\000l\000l\000e\000\040\000s\000e\000r\000i\000e\000\040\000d\000i\000\040\000p\000o\000t\000e\000n\000z\000e}{part.3}% 53
\BOOKMARK [2][-]{subsection.10.1}{\376\377\000T\000e\000o\000r\000e\000m\000a\000\040\000d\000i\000\040\000A\000b\000e\000l}{section.10}% 54
\BOOKMARK [2][-]{subsection.10.2}{\376\377\000S\000e\000r\000i\000e\000\040\000d\000i\000\040\000p\000o\000t\000e\000n\000z\000e\000\040\000n\000o\000n\000\040\000c\000e\000n\000t\000r\000a\000t\000e\000\040\000n\000e\000l\000l\000'\000o\000r\000i\000g\000i\000n\000e}{section.10}% 55
\BOOKMARK [1][-]{section.11}{\376\377\000C\000o\000n\000t\000i\000n\000u\000i\000t\000\340\000,\000\040\000d\000e\000r\000i\000v\000a\000z\000i\000o\000n\000e\000\040\000e\000\040\000i\000n\000t\000e\000g\000r\000a\000z\000i\000o\000n\000e\000\040\000d\000e\000l\000l\000a\000\040\000s\000o\000m\000m\000a}{part.3}% 56
\BOOKMARK [2][-]{subsection.11.1}{\376\377\000C\000o\000n\000t\000i\000n\000u\000i\000t\000\340\000\040\000d\000e\000l\000l\000a\000\040\000s\000o\000m\000m\000a}{section.11}% 57
\BOOKMARK [2][-]{subsection.11.2}{\376\377\000S\000e\000r\000i\000e\000\040\000d\000e\000r\000i\000v\000a\000t\000a}{section.11}% 58
\BOOKMARK [2][-]{subsection.11.3}{\376\377\000S\000e\000r\000i\000e\000\040\000d\000e\000g\000l\000i\000\040\000i\000n\000t\000e\000g\000r\000a\000l\000i}{section.11}% 59
\BOOKMARK [2][-]{subsection.11.4}{\376\377\000T\000e\000o\000r\000e\000m\000i\000\040\000d\000i\000\040\000d\000e\000r\000i\000v\000a\000z\000i\000o\000n\000e\000\040\000e\000\040\000i\000n\000t\000e\000g\000r\000a\000z\000i\000o\000n\000e\000\040\000p\000e\000r\000\040\000s\000e\000r\000i\000e\000\040\000d\000i\000\040\000p\000o\000t\000e\000n\000z\000e}{section.11}% 60
\BOOKMARK [2][-]{subsection.11.5}{\376\377\000E\000s\000e\000r\000c\000i\000z\000i\000o\000\040\000s\000v\000o\000l\000t\000o}{section.11}% 61
\BOOKMARK [2][-]{subsection.11.6}{\376\377\000S\000e\000r\000i\000e\000\040\000r\000i\000c\000o\000n\000d\000u\000c\000i\000b\000i\000l\000i\000\040\000a\000\040\000s\000e\000r\000i\000e\000\040\000d\000i\000\040\000p\000o\000t\000e\000n\000z\000e}{section.11}% 62
\BOOKMARK [1][-]{section.12}{\376\377\000S\000e\000r\000i\000e\000\040\000d\000i\000\040\000T\000a\000y\000l\000o\000r}{part.3}% 63
\BOOKMARK [2][-]{subsection.12.1}{\376\377\000E\000s\000e\000m\000p\000i\000o\000\040\0001\000:\000\040\000u\000n\000a\000\040\000f\000u\000n\000z\000i\000o\000n\000e\000\040\000c\000h\000e\000\040\000n\000o\000n\000\040\000c\000o\000i\000n\000c\000i\000d\000e\000\040\000c\000o\000n\000\040\000l\000a\000\040\000s\000u\000a\000\040\000s\000e\000r\000i\000e\000\040\000d\000i\000\040\000T\000a\000y\000l\000o\000r}{section.12}% 64
\BOOKMARK [2][-]{subsection.12.2}{\376\377\000E\000s\000e\000m\000p\000i\000o\000\040\0002\000:\000\040\000a\000n\000a\000l\000i\000t\000i\000c\000i\000t\000\340\000\040\000d\000e\000l\000l\000a\000\040\000s\000o\000m\000m\000a\000\040\000d\000i\000\040\000u\000n\000a\000\040\000s\000e\000r\000i\000e\000\040\000d\000i\000\040\000p\000o\000t\000e\000n\000z\000e}{section.12}% 65
\BOOKMARK [2][-]{subsection.12.3}{\376\377\000F\000u\000n\000z\000i\000o\000n\000i\000\040\000a\000n\000a\000l\000i\000t\000i\000c\000h\000e}{section.12}% 66
\BOOKMARK [1][-]{section.13}{\376\377\000C\000r\000i\000t\000e\000r\000i\000o\000\040\000d\000i\000\040\000a\000n\000a\000l\000i\000t\000i\000c\000i\000t\000\340}{part.3}% 67
\BOOKMARK [0][-]{part.4}{\376\377\000I\000V\000\040\000T\000o\000p\000o\000l\000o\000g\000i\000a\000\040\000i\000n\000\040\000R\040\177}{}% 68
\BOOKMARK [1][-]{section.14}{\376\377\000T\000o\000p\000o\000l\000o\000g\000i\000a\000\040\000i\000n\000\040\000R\000n}{part.4}% 69
\BOOKMARK [2][-]{subsection.14.1}{\376\377\000R\0002\000\040\000c\000o\000m\000e\000\040\000s\000p\000a\000z\000i\000o\000\040\000v\000e\000t\000t\000o\000r\000i\000a\000l\000e}{section.14}% 70
\BOOKMARK [2][-]{subsection.14.2}{\376\377\000N\000o\000r\000m\000a\000\040\000\050\000m\000o\000d\000u\000l\000o\000\051}{section.14}% 71
\BOOKMARK [2][-]{subsection.14.3}{\376\377\000D\000i\000s\000t\000a\000n\000z\000a}{section.14}% 72
\BOOKMARK [2][-]{subsection.14.4}{\376\377\000P\000r\000o\000d\000o\000t\000t\000o\000\040\000s\000c\000a\000l\000a\000r\000e}{section.14}% 73
\BOOKMARK [2][-]{subsection.14.5}{\376\377\000I\000n\000t\000o\000r\000n\000i\000\040\000s\000f\000e\000r\000i\000c\000i}{section.14}% 74
\BOOKMARK [2][-]{subsection.14.6}{\376\377\000P\000u\000n\000t\000i\000\040\000i\000n\000t\000e\000r\000n\000i\000,\000\040\000e\000s\000t\000e\000r\000n\000i\000,\000\040\000d\000i\000\040\000f\000r\000o\000n\000t\000i\000e\000r\000a\000,\000\040\000i\000s\000o\000l\000a\000t\000i}{section.14}% 75
\BOOKMARK [2][-]{subsection.14.7}{\376\377\000I\000n\000s\000i\000e\000m\000i\000\040\000a\000p\000e\000r\000t\000i\000\040\000e\000\040\000c\000h\000i\000u\000s\000i}{section.14}% 76
\BOOKMARK [2][-]{subsection.14.8}{\376\377\000P\000u\000n\000t\000i\000\040\000d\000i\000\040\000a\000c\000c\000u\000m\000u\000l\000a\000z\000i\000o\000n\000e\000,\000\040\000i\000n\000s\000i\000e\000m\000i\000\040\000l\000i\000m\000i\000t\000a\000t\000i\000\040\000e\000\040\000c\000o\000m\000p\000a\000t\000t\000i}{section.14}% 77
\BOOKMARK [2][-]{subsection.14.9}{\376\377\000E\000s\000e\000r\000c\000i\000z\000i\000o\000:\000\040\000d\000i\000s\000e\000g\000n\000a\000r\000e\000\040\000r\000e\000g\000i\000o\000n\000i\000\040\000d\000e\000l\000\040\000p\000i\000a\000n\000o}{section.14}% 78
\BOOKMARK [2][-]{subsection.14.10}{\376\377\000I\000n\000s\000i\000e\000m\000i\000\040\000c\000o\000n\000n\000e\000s\000s\000i}{section.14}% 79
\BOOKMARK [2][-]{subsection.14.11}{\376\377\000I\000n\000s\000i\000e\000m\000i\000\040\000c\000o\000n\000v\000e\000s\000s\000i}{section.14}% 80
\BOOKMARK [2][-]{subsection.14.12}{\376\377\000I\000n\000s\000i\000e\000m\000i\000\040\000s\000t\000e\000l\000l\000a\000t\000i}{section.14}% 81
\BOOKMARK [2][-]{subsection.14.13}{\376\377\000C\000o\000n\000n\000e\000s\000s\000i\000o\000n\000e\000\040\000p\000e\000r\000\040\000p\000o\000l\000i\000g\000o\000n\000a\000l\000i}{section.14}% 82
\BOOKMARK [0][-]{part.5}{\376\377\000V\000\040\000I\000n\000t\000r\000o\000d\000u\000z\000i\000o\000n\000e\000\040\000a\000l\000\040\000c\000o\000n\000c\000e\000t\000t\000o\000\040\000d\000i\000\040\000c\000u\000r\000v\000a}{}% 83
\BOOKMARK [1][-]{section.15}{\376\377\000C\000h\000e\000\040\000c\000o\000s\000'\000\350\000\040\000u\000n\000a\000\040\000c\000u\000r\000v\000a\000?}{part.5}% 84
\BOOKMARK [2][-]{subsection.15.1}{\376\377\000T\000r\000a\000i\000e\000t\000t\000o\000r\000i\000a\000\040\000e\000\040\000l\000e\000g\000g\000e\000\040\000o\000r\000a\000r\000i\000a}{section.15}% 85
\BOOKMARK [2][-]{subsection.15.2}{\376\377\000D\000a\000l\000l\000e\000\040\000f\000u\000n\000z\000i\000o\000n\000i\000\040\000d\000i\000\040\000A\000n\000a\000l\000i\000s\000i\000\040\000I\000\040\000a\000l\000l\000e\000\040\000c\000u\000r\000v\000e}{section.15}% 86
\BOOKMARK [1][-]{section.16}{\376\377\000C\000u\000r\000v\000e\000\040\000i\000n\000\040\000R\000n}{part.5}% 87
\BOOKMARK [2][-]{subsection.16.1}{\376\377\000D\000e\000f\000i\000n\000i\000z\000i\000o\000n\000e\000\040\000d\000i\000\040\000c\000u\000r\000v\000a\000\040\000e\000d\000\040\000e\000q\000u\000a\000z\000i\000o\000n\000i\000\040\000p\000a\000r\000a\000m\000e\000t\000r\000i\000c\000h\000e}{section.16}% 88
\BOOKMARK [2][-]{subsection.16.2}{\376\377\000S\000o\000s\000t\000e\000g\000n\000o\000,\000\040\000p\000u\000n\000t\000o\000\040\000i\000n\000i\000z\000i\000a\000l\000e\000\040\000e\000\040\000f\000i\000n\000a\000l\000e\000,\000\040\000c\000u\000r\000v\000e\000\040\000c\000h\000i\000u\000s\000e}{section.16}% 89
\BOOKMARK [2][-]{subsection.16.3}{\376\377\000C\000u\000r\000v\000e\000\040\000d\000i\000v\000e\000r\000s\000e\000\040\000c\000o\000n\000\040\000l\000o\000\040\000s\000t\000e\000s\000s\000o\000\040\000s\000o\000s\000t\000e\000g\000n\000o}{section.16}% 90
\BOOKMARK [1][-]{section.17}{\376\377\000C\000u\000r\000v\000e\000\040\000s\000e\000m\000p\000l\000i\000c\000i\000\040\000e\000\040\000c\000u\000r\000v\000e\000\040\000r\000e\000g\000o\000l\000a\000r\000i}{part.5}% 91
\BOOKMARK [2][-]{subsection.17.1}{\376\377\000C\000u\000r\000v\000e\000\040\000s\000e\000m\000p\000l\000i\000c\000i}{section.17}% 92
\BOOKMARK [2][-]{subsection.17.2}{\376\377\000C\000u\000r\000v\000e\000\040\000r\000e\000g\000o\000l\000a\000r\000i\000,\000\040\000v\000e\000t\000t\000o\000r\000e\000\040\000e\000\040\000v\000e\000r\000s\000o\000r\000e\000\040\000t\000a\000n\000g\000e\000n\000t\000e}{section.17}% 93
\BOOKMARK [2][-]{subsection.17.3}{\376\377\000P\000e\000r\000c\000h\000\351\000\040\000s\000t\000u\000d\000i\000a\000m\000o\000\040\000l\000e\000\040\000c\000u\000r\000v\000e}{section.17}% 94
\BOOKMARK [1][-]{section.18}{\376\377\000E\000s\000e\000m\000p\000i\000\040\000d\000i\000\040\000c\000u\000r\000v\000e}{part.5}% 95
\BOOKMARK [2][-]{subsection.18.1}{\376\377\000E\000s\000e\000m\000p\000i\000o\000\040\0001\000:\000\040\000c\000u\000r\000v\000a\000\040\000c\000a\000r\000t\000e\000s\000i\000a\000n\000a}{section.18}% 96
\BOOKMARK [2][-]{subsection.18.2}{\376\377\000E\000s\000e\000m\000p\000i\000o\000\040\0002\000:\000\040\000c\000i\000r\000c\000o\000n\000f\000e\000r\000e\000n\000z\000a}{section.18}% 97
\BOOKMARK [2][-]{subsection.18.3}{\376\377\000E\000s\000e\000m\000p\000i\000o\000\040\0003\000:\000\040\000e\000l\000l\000i\000s\000s\000e}{section.18}% 98
\BOOKMARK [2][-]{subsection.18.4}{\376\377\000E\000s\000e\000m\000p\000i\000o\000\040\0004\000:\000\040\000u\000n\000a\000\040\000c\000u\000r\000v\000a\000\040\000r\000e\000g\000o\000l\000a\000r\000e\000\040\000m\000a\000\040\000n\000o\000n\000\040\000s\000e\000m\000p\000l\000i\000c\000e}{section.18}% 99
\BOOKMARK [2][-]{subsection.18.5}{\376\377\000E\000s\000e\000m\000p\000i\000o\000\040\0005\000:\000\040\000c\000u\000s\000p\000i\000d\000e}{section.18}% 100
\BOOKMARK [2][-]{subsection.18.6}{\376\377\000E\000s\000e\000m\000p\000i\000o\000\040\0006\000:\000\040\000c\000i\000c\000l\000o\000i\000d\000e}{section.18}% 101
\BOOKMARK [2][-]{subsection.18.7}{\376\377\000E\000s\000e\000m\000p\000i\000o\000\040\0007\000:\000\040\000e\000l\000i\000c\000a}{section.18}% 102
